// Jest Snapshot v1, https://goo.gl/fbAQLP

exports[`Text Component should render without issues 1`] = `
<Text
  style={Object {}}
/>
`;
